Kubeadm on Debian Platform: 
The LAB is created with the help of a Master Controller - t3.medium and two worker nodes t2.micro
Process: 
Master Node: 
Create EC2 Instances, Add docker repo & install docker engine, Set-up the Cgroup=systemd, Add kubernetes repo & kubectl/kubeadm/kubelet, Init (bootstrap) kubeadm, 
Create a user & copy admin.conf in its Home Dir, Add pod netork Calico repo & install calico.yml and finally login as user to verify the cluster info.
Worker Node: Create EC2 Instances, Add docker repo & install docker engine, Set-up the Cgroup=systemd, Add kubernetes repo & kubectl/kubeadm/kubelet 
and join node to the Master.

Step 1:
$ sudo su -
$ apt update
$ nano /etc/hosts (replace ip address with host name)


Step2 - Install Docker Engine/ Container Run Time: Docker, CRI-O, Containerd are the runtime and we are using Docker.
Supported storage drivers: On Debian/Ubuntu the Docker Engine uses the overlay2 storage driver by default while AUFS need to be configured manually. 
Uninstallation process if any previous installtion: $ sudo apt-get remove docker docker-engine docker.io containerd runc

Installation Methods: Set up Docker Respository, Download the DEB package and install it manually and Automated Convenience Scripts. Most users set up 
Docker’s repositories and install from them, for ease of installation and upgrade tasks. This is the recommended approach.

Install using Set up Docker Respository:
Before you install Docker Engine for the first time on a new host machine set up the Docker repository. Afterward, you can install and update Docker from the repository.
Set up the repository:

1. Update the apt package index and install packages to allow apt to use a repository over HTTPS.
$ sudo apt-get update
$ sudo apt-get install \
    apt-transport-https \
    ca-certificates \
    curl \
    gnupg \
    lsb-release
or
< $ sudo apt-get install apt-transport-https ca-certificates curl gnupg lsb-release >

2. Add Docker’s official GPG key:
$ curl -fsSL https://download.docker.com/linux/ubuntu/gpg | sudo gpg --dearmor -o /usr/share/keyrings/docker-archive-keyring.gpg

3. Set up the stable repository:
$ echo \
  "deb [arch=amd64 signed-by=/usr/share/keyrings/docker-archive-keyring.gpg] https://download.docker.com/linux/ubuntu \
  $(lsb_release -cs) stable" | sudo tee /etc/apt/sources.list.d/docker.list > /dev/null
or
< echo "deb [arch=amd64 signed-by=/usr/share/keyrings/docker-archive-keyring.gpg] https://download.docker.com/linux/ubuntu $(lsb_release -cs) stable" | sudo tee /etc/apt/sources.list.d/docker.list > /dev/null >

Install Docker Engine:

1. Update the apt package index and install the latest version of Docker Engine and containerd or install a specific version.
$ sudo apt-get update
$ sudo apt-get install docker-ce docker-ce-cli containerd.io docker-compose-plugin
Note: Receiving a GPG error when running apt-get update?
Your default umask may not be set correctly, causing the public key file for the repo to not be detected.
Run the following command and then try to update your repo again: sudo chmod a+r /etc/apt/keyrings/docker.gpg

2. To install a specific version of Docker Engine, list the available versions in the repo, then select and install:
a. List the versions available in your repo:
$  apt-cache madison docker-ce
b. Install a specific version using the version string from the second column e.g. 5:20.10.16~3-0~ubuntu-jammy
$ sudo apt-get install docker-ce=<VERSION_STRING> docker-ce-cli=<VERSION_STRING> containerd.io docker-compose-plugin

Step 3: Verify that Docker Engine is installed correctly by running the hello-world image.
$ sudo docker run hello-world


Set up the Cgroup Driver for Docker so that Container runtime and kubelet cgroup drivers are same otherwise the kubelet process will fail.
Configure the Docker daemon, in particular to use systemd for the management of the container’s cgroups.
cd /etc/docker and run below (If no docker dir then sudo mkdir /etc/docker)

cat <<EOF | sudo tee /etc/docker/daemon.json
{
  "exec-opts": ["native.cgroupdriver=systemd"],
  "log-driver": "json-file",
  "log-opts": {
    "max-size": "100m"
  },
  "storage-driver": "overlay2"
}
EOF

Note: overlay2 is the preferred storage driver for systems running Linux kernel version 4.0 or higher, or RHEL or CentOS using version 3.10.0-514 and above.

Restart Docker and enable on boot:
sudo systemctl enable docker
sudo systemctl daemon-reload
sudo systemctl restart docker


Step 4: Add Kubernetes repository for Debian/Ubuntu:
sudo apt-get update
sudo apt-get install -y apt-transport-https ca-certificates curl

Download the Google Cloud public signing key:
sudo curl -fsSLo /usr/share/keyrings/kubernetes-archive-keyring.gpg https://packages.cloud.google.com/apt/doc/apt-key.gpg

Add the Kubernetes apt repository:
echo "deb [signed-by=/usr/share/keyrings/kubernetes-archive-keyring.gpg] https://apt.kubernetes.io/ kubernetes-xenial main" | sudo tee /etc/apt/sources.list.d/kubernetes.list

Update apt package index, install kubelet, kubeadm and kubectl:
sudo apt-get update
sudo apt-get install -y kubelet kubeadm kubectl


Step 5: Initialize the Master Kubernetes:

kubeadm init --apiserver-advertise-address=172.31.92.168 --pod-network-cidr=192.168.0.0/16
( Read the instruction which says that run the kubectl or access the cluster using a normal user and root is not recommended)

Create a noram user: e.g. "kubeadm"
useradd kubeadm & set the password: passwd kubeadm , also add the user in /etc/sudoers file using "visudo" command.
Note: Users in ubuntu unlike in Centos/Amzon linux does not have a home folder "$HOME" created by default so we need to create $HOME.
root$ mkdir /home/kubeadm and craete a directory .kube to copy admin.conf so cd /home/kubeadm & create a dir .kube 
root$ cp -i /etc/kubernetes/admin.conf /home/kubeadm/.kube/config
root$ chown -R kubeadm:kubeadm /home/kubeadm/.kube/config
Login as kubeadm:
check the cluster status: kubectl cluster-info etc.
Note: We can copy the admin.conf in our local system as well to connect the cluster.


Step 6: Create POD network and DNS services by adding Calico repo.
curl https://docs.projectcalico.org/manifests/calico-typha.yaml -o calico.yaml
kubectl apply -f calico.yaml


Join Nodes:

